PS D:\edu\software-architecture-labs> curl http://localhost:8002/user/msg1
                                                                                                                                                                                                                                                                                                                                                                                                                                              StatusCode        : 200                                                                                                                                                                                                StatusDescription : OK                                                                                                                                                                                                 
Content           : {"user_id":"msg1","balance":1.0,"transactions":[{"transaction_id":"eb5768e9-be37-420e-b6f2-ca54d6ede502","user_id":"msg1","amount":1.0,"timestamp":"2026-03-22T15:20:55.493090"}]}
RawContent        : HTTP/1.1 200 OK
                    Content-Length: 178
                    Content-Type: application/json
                    Date: Sun, 22 Mar 2026 15:23:31 GMT
                    Server: uvicorn

                    {"user_id":"msg1","balance":1.0,"transactions":[{"transaction_id":"eb5768e...
Forms             : {}
Headers           : {[Content-Length, 178], [Content-Type, application/json], [Date, Sun, 22 Mar 2026 15:23:31 GMT], [Server, uvicorn]}
Images            : {}
InputFields       : {}
Links             : {}
ParsedHtml        : System.__ComObject
RawContentLength  : 178



PS D:\edu\software-architecture-labs> curl http://localhost:8002/user/msg2
                                                                                                                                                                                                                                                                                                                                                                                                                                              StatusCode        : 200                                                                                                                                                                                                StatusDescription : OK                                                                                                                                                                                                 
Content           : {"user_id":"msg2","balance":2.0,"transactions":[{"transaction_id":"1f14c831-1d54-4206-902c-c84cc75ee7c5","user_id":"msg2","amount":2.0,"timestamp":"2026-03-22T15:20:57.709041"}]}
RawContent        : HTTP/1.1 200 OK
                    Content-Length: 178
                    Content-Type: application/json
                    Date: Sun, 22 Mar 2026 15:23:31 GMT
                    Server: uvicorn

                    {"user_id":"msg2","balance":2.0,"transactions":[{"transaction_id":"1f14c83...
Forms             : {}
Headers           : {[Content-Length, 178], [Content-Type, application/json], [Date, Sun, 22 Mar 2026 15:23:31 GMT], [Server, uvicorn]}
Images            : {}
InputFields       : {}
Links             : {}
ParsedHtml        : System.__ComObject
RawContentLength  : 178



PS D:\edu\software-architecture-labs> curl http://localhost:8002/user/msg3
                                                                                                                                                                                                                                                                                                                                                                                                                                              StatusCode        : 200                                                                                                                                                                                                StatusDescription : OK                                                                                                                                                                                                 
Content           : {"user_id":"msg3","balance":3.0,"transactions":[{"transaction_id":"bf09f24a-6d7d-4431-bd55-b11935f472f1","user_id":"msg3","amount":3.0,"timestamp":"2026-03-22T15:20:59.726633"}]}
RawContent        : HTTP/1.1 200 OK
                    Content-Length: 178
                    Content-Type: application/json
                    Date: Sun, 22 Mar 2026 15:23:31 GMT
                    Server: uvicorn

                    {"user_id":"msg3","balance":3.0,"transactions":[{"transaction_id":"bf09f24...
Forms             : {}
Headers           : {[Content-Length, 178], [Content-Type, application/json], [Date, Sun, 22 Mar 2026 15:23:31 GMT], [Server, uvicorn]}
Images            : {}
InputFields       : {}
Links             : {}
ParsedHtml        : System.__ComObject
RawContentLength  : 178



PS D:\edu\software-architecture-labs> curl http://localhost:8002/user/msg4
                                                                                                                                                                                                                                                                                                                                                                                                                                              StatusCode        : 200                                                                                                                                                                                                StatusDescription : OK                                                                                                                                                                                                 
Content           : {"user_id":"msg4","balance":4.0,"transactions":[{"transaction_id":"2ef2882d-04d3-4d4c-8c58-1ef6471ceda9","user_id":"msg4","amount":4.0,"timestamp":"2026-03-22T15:21:00.525470"}]}
RawContent        : HTTP/1.1 200 OK
                    Content-Length: 178
                    Content-Type: application/json
                    Date: Sun, 22 Mar 2026 15:23:31 GMT
                    Server: uvicorn

                    {"user_id":"msg4","balance":4.0,"transactions":[{"transaction_id":"2ef2882...
Forms             : {}
Headers           : {[Content-Length, 178], [Content-Type, application/json], [Date, Sun, 22 Mar 2026 15:23:31 GMT], [Server, uvicorn]}
Images            : {}
InputFields       : {}
Links             : {}
ParsedHtml        : System.__ComObject
RawContentLength  : 178



PS D:\edu\software-architecture-labs> curl http://localhost:8002/user/msg5
                                                                                                                                                                                                                                                                                                                                                                                                                                              StatusCode        : 200                                                                                                                                                                                                StatusDescription : OK                                                                                                                                                                                                 
Content           : {"user_id":"msg5","balance":5.0,"transactions":[{"transaction_id":"b8a8f3fe-037a-483f-bec4-0b276c3fa684","user_id":"msg5","amount":5.0,"timestamp":"2026-03-22T15:21:01.560038"}]}
RawContent        : HTTP/1.1 200 OK
                    Content-Length: 178
                    Content-Type: application/json
                    Date: Sun, 22 Mar 2026 15:23:31 GMT
                    Server: uvicorn

                    {"user_id":"msg5","balance":5.0,"transactions":[{"transaction_id":"b8a8f3f...
Forms             : {}
Headers           : {[Content-Length, 178], [Content-Type, application/json], [Date, Sun, 22 Mar 2026 15:23:31 GMT], [Server, uvicorn]}
Images            : {}
InputFields       : {}
Links             : {}
ParsedHtml        : System.__ComObject
RawContentLength  : 178



PS D:\edu\software-architecture-labs> curl http://localhost:8002/user/msg6
                                                                                                                                                                                                                                                                                                                                                                                                                                              StatusCode        : 200                                                                                                                                                                                                StatusDescription : OK                                                                                                                                                                                                 
Content           : {"user_id":"msg6","balance":6.0,"transactions":[{"transaction_id":"b3cbd7f9-5506-4f68-a236-57058e8c6fdf","user_id":"msg6","amount":6.0,"timestamp":"2026-03-22T15:21:02.400853"}]}
RawContent        : HTTP/1.1 200 OK
                    Content-Length: 178
                    Content-Type: application/json
                    Date: Sun, 22 Mar 2026 15:23:31 GMT
                    Server: uvicorn

                    {"user_id":"msg6","balance":6.0,"transactions":[{"transaction_id":"b3cbd7f...
Forms             : {}
Headers           : {[Content-Length, 178], [Content-Type, application/json], [Date, Sun, 22 Mar 2026 15:23:31 GMT], [Server, uvicorn]}
Images            : {}
InputFields       : {}
Links             : {}
ParsedHtml        : System.__ComObject
RawContentLength  : 178



PS D:\edu\software-architecture-labs> curl http://localhost:8002/user/msg7
                                                                                                                                                                                                                                                                                                                                                                                                                                              StatusCode        : 200                                                                                                                                                                                                StatusDescription : OK                                                                                                                                                                                                 
Content           : {"user_id":"msg7","balance":7.0,"transactions":[{"transaction_id":"0b97f3d1-83b5-425a-bb09-0cc79a892be1","user_id":"msg7","amount":7.0,"timestamp":"2026-03-22T15:21:03.767495"}]}
RawContent        : HTTP/1.1 200 OK
                    Content-Length: 178
                    Content-Type: application/json
                    Date: Sun, 22 Mar 2026 15:23:31 GMT
                    Server: uvicorn

                    {"user_id":"msg7","balance":7.0,"transactions":[{"transaction_id":"0b97f3d...
Forms             : {}
Headers           : {[Content-Length, 178], [Content-Type, application/json], [Date, Sun, 22 Mar 2026 15:23:31 GMT], [Server, uvicorn]}
Images            : {}
InputFields       : {}
Links             : {}
ParsedHtml        : System.__ComObject
RawContentLength  : 178



PS D:\edu\software-architecture-labs> curl http://localhost:8002/user/msg8
                                                                                                                                                                                                                                                                                                                                                                                                                                              StatusCode        : 200                                                                                                                                                                                                StatusDescription : OK                                                                                                                                                                                                 
Content           : {"user_id":"msg8","balance":8.0,"transactions":[{"transaction_id":"aac37d90-ad81-4b5e-bb61-3b5bff616681","user_id":"msg8","amount":8.0,"timestamp":"2026-03-22T15:21:05.136154"}]}
RawContent        : HTTP/1.1 200 OK
                    Content-Length: 178
                    Content-Type: application/json
                    Date: Sun, 22 Mar 2026 15:23:31 GMT
                    Server: uvicorn

                    {"user_id":"msg8","balance":8.0,"transactions":[{"transaction_id":"aac37d9...
Forms             : {}
Headers           : {[Content-Length, 178], [Content-Type, application/json], [Date, Sun, 22 Mar 2026 15:23:31 GMT], [Server, uvicorn]}
Images            : {}
InputFields       : {}
Links             : {}
ParsedHtml        : System.__ComObject
RawContentLength  : 178



PS D:\edu\software-architecture-labs> curl http://localhost:8002/user/msg9
                                                                                                                                                                                                                                                                                                                                                                                                                                              StatusCode        : 200                                                                                                                                                                                                StatusDescription : OK                                                                                                                                                                                                 
Content           : {"user_id":"msg9","balance":9.0,"transactions":[{"transaction_id":"2e981af3-88c7-4fad-9a36-6324acfba099","user_id":"msg9","amount":9.0,"timestamp":"2026-03-22T15:21:06.313591"}]}
RawContent        : HTTP/1.1 200 OK
                    Content-Length: 178
                    Content-Type: application/json
                    Date: Sun, 22 Mar 2026 15:23:32 GMT
                    Server: uvicorn

                    {"user_id":"msg9","balance":9.0,"transactions":[{"transaction_id":"2e981af...
Forms             : {}
Headers           : {[Content-Length, 178], [Content-Type, application/json], [Date, Sun, 22 Mar 2026 15:23:32 GMT], [Server, uvicorn]}
Images            : {}
InputFields       : {}
Links             : {}
ParsedHtml        : System.__ComObject
RawContentLength  : 178



PS D:\edu\software-architecture-labs> curl http://localhost:8002/user/msg10


StatusCode        : 200
StatusDescription : OK
Content           : {"user_id":"msg10","balance":10.0,"transactions":[{"transaction_id":"44e61294-f374-4cd7-8f3f-984ce4bdcf28","user_id":"msg10","amount":10.0,"timestamp":"2026-03-22T15:21:07.346539"}]}
RawContent        : HTTP/1.1 200 OK
                    Content-Length: 182
                    Content-Type: application/json
                    Date: Sun, 22 Mar 2026 15:23:33 GMT
                    Server: uvicorn

                    {"user_id":"msg10","balance":10.0,"transactions":[{"transaction_id":"44e61...
Forms             : {}
Headers           : {[Content-Length, 182], [Content-Type, application/json], [Date, Sun, 22 Mar 2026 15:23:33 GMT], [Server, uvicorn]}
Images            : {}
InputFields       : {}
Links             : {}
ParsedHtml        : System.__ComObject
RawContentLength  : 182


