The files belonging to this database system will be owned by user "postgres".
This user must also own the server process.

The database cluster will be initialized with locale "en_US.utf8".
The default database encoding has accordingly been set to "UTF8".
The default text search configuration will be set to "english".

Data page checksums are disabled.

fixing permissions on existing directory /var/lib/postgresql/data ... ok
creating subdirectories ... ok
selecting dynamic shared memory implementation ... posix
selecting default max_connections ... 100
selecting default shared_buffers ... 128MB
selecting default time zone ... UTC
creating configuration files ... ok
running bootstrap script ... ok
sh: locale: not found
2026-04-29 16:35:48.153 UTC [36] WARNING:  no usable system locales were found
performing post-bootstrap initialization ... ok
syncing data to disk ... ok


Success. You can now start the database server using:

    pg_ctl -D /var/lib/postgresql/data -l logfile start

initdb: warning: enabling "trust" authentication for local connections
initdb: hint: You can change this by editing pg_hba.conf or using the option -A, or --auth-local and --auth-host, the next time you run initdb.
waiting for server to start....2026-04-29 16:35:48.955 UTC [42] LOG:  starting PostgreSQL 16.13 on x86_64-pc-linux-musl, compiled by gcc (Alpine 15.2.0) 15.2.0, 64-bit
2026-04-29 16:35:48.958 UTC [42] LOG:  listening on Unix socket "/var/run/postgresql/.s.PGSQL.5432"
2026-04-29 16:35:48.965 UTC [45] LOG:  database system was shut down at 2026-04-29 16:35:48 UTC
2026-04-29 16:35:48.972 UTC [42] LOG:  database system is ready to accept connections
 done
server started
CREATE DATABASE


/usr/local/bin/docker-entrypoint.sh: ignoring /docker-entrypoint-initdb.d/*

waiting for server to shut down...2026-04-29 16:35:49.126 UTC [42] LOG:  received fast shutdown request
.2026-04-29 16:35:49.129 UTC [42] LOG:  aborting any active transactions
2026-04-29 16:35:49.131 UTC [42] LOG:  background worker "logical replication launcher" (PID 48) exited with exit code 1
2026-04-29 16:35:49.132 UTC [43] LOG:  shutting down
2026-04-29 16:35:49.134 UTC [43] LOG:  checkpoint starting: shutdown immediate
2026-04-29 16:35:49.228 UTC [43] LOG:  checkpoint complete: wrote 926 buffers (5.7%); 0 WAL file(s) added, 0 removed, 0 recycled; write=0.029 s, sync=0.060 s, total=0.097 s; sync files=301, longest=0.003 s, average=0.001 s; distance=4272 kB, estimate=4272 kB; lsn=0/191E938, redo lsn=0/191E938
2026-04-29 16:35:49.242 UTC [42] LOG:  database system is shut down
 done
server stopped

PostgreSQL init process complete; ready for start up.

2026-04-29 16:35:49.357 UTC [1] LOG:  starting PostgreSQL 16.13 on x86_64-pc-linux-musl, compiled by gcc (Alpine 15.2.0) 15.2.0, 64-bit
2026-04-29 16:35:49.357 UTC [1] LOG:  listening on IPv4 address "0.0.0.0", port 5432
2026-04-29 16:35:49.357 UTC [1] LOG:  listening on IPv6 address "::", port 5432
2026-04-29 16:35:49.361 UTC [1] LOG:  listening on Unix socket "/var/run/postgresql/.s.PGSQL.5432"
2026-04-29 16:35:49.367 UTC [58] LOG:  database system was shut down at 2026-04-29 16:35:49 UTC
2026-04-29 16:35:49.374 UTC [1] LOG:  database system is ready to accept connections
2026-04-29 16:41:15.476 UTC [56] LOG:  checkpoint starting: time
2026-04-29 16:41:23.914 UTC [56] LOG:  checkpoint complete: wrote 87 buffers (0.5%); 0 WAL file(s) added, 0 removed, 0 recycled; write=8.420 s, sync=0.012 s, total=8.438 s; sync files=49, longest=0.002 s, average=0.001 s; distance=420 kB, estimate=420 kB; lsn=0/1987D50, redo lsn=0/1987D18
2026-04-29 17:10:50.041 UTC [56] LOG:  checkpoint starting: time
2026-04-29 17:10:50.777 UTC [56] LOG:  checkpoint complete: wrote 8 buffers (0.0%); 0 WAL file(s) added, 0 removed, 0 recycled; write=0.710 s, sync=0.017 s, total=0.737 s; sync files=6, longest=0.014 s, average=0.003 s; distance=9 kB, estimate=379 kB; lsn=0/198A360, redo lsn=0/198A328
